2026-08-25 18:40:14 - [ORGANIZADOR ARQUIVOS] - INFO - Iniciando aplicação.
2026-08-25 18:40:14 - [ORGANIZADOR ARQUIVOS] - INFO - Movendo 19 arquivos para pastas destino.
2026-08-25 18:40:14 - [ORGANIZADOR ARQUIVOS] - INFO - Arquivo: 02 Conhecendo Estrutura da API - Acessando Dados de Títulos-Português.txt movido para docs.
2026-08-25 18:40:14 - [ORGANIZADOR ARQUIVOS] - INFO - Arquivo: 1296768-1.pdf movido para docs.
2026-08-25 18:40:14 - [ORGANIZADOR ARQUIVOS] - INFO - Arquivo: 33049042263593744000187000000000001026082281244442.pdf movido para docs.
2026-08-25 18:40:14 - [ORGANIZADOR ARQUIVOS] - INFO - Arquivo: AcompanhamentoConvocacoes_TranspetroPSPTerraNivelSuperior_2023.2_24.04.2026.pdf movido para docs.
2026-08-25 18:40:14 - [ORGANIZADOR ARQUIVOS] - INFO - Arquivo: analise_de_sistema_infraestrutura.pdf movido para docs.
2026-08-25 18:40:14 - [ORGANIZADOR ARQUIVOS] - INFO - Arquivo: Arquiterura de automação.jpg movido para img.
2026-08-25 18:40:14 - [ORGANIZADOR ARQUIVOS] - INFO - Arquivo: Conteúdo programático Analista de sistemas transpetro 2023.md movido para docs.
2026-08-25 18:40:14 - [ORGANIZADOR ARQUIVOS] - INFO - Arquivo: DAS-PGMEI-63593744000187-AC2026.pdf movido para docs.
2026-08-25 18:40:14 - [ORGANIZADOR ARQUIVOS] - INFO - Arquivo: DASNSIMEI-Recibo-635937442026001.pdf movido para docs.
2026-08-25 18:40:14 - [ORGANIZADOR ARQUIVOS] - INFO - Arquivo: Documento1.pdf movido para docs.
2026-08-25 18:40:14 - [ORGANIZADOR ARQUIVOS] - INFO - Arquivo: EDITAL DE CONVOCACAO DE SORTEIO PUBLICO N 1_2026_ DE 31 DE JULHO DE 2026 - DOU - 03-08-2026.pdf movido para docs.
2026-08-25 18:40:14 - [ORGANIZADOR ARQUIVOS] - INFO - Arquivo: Edital02_TranspetroPSPTerra_NivelSuperior2023.2_29.09.2023.pdf movido para docs.
2026-08-25 18:40:14 - [ORGANIZADOR ARQUIVOS] - INFO - Arquivo: edital_transpetro_superior_2026.pdf movido para docs.
2026-08-25 18:40:14 - [ORGANIZADOR ARQUIVOS] - INFO - Arquivo: logs.txt movido para docs.
2026-08-25 18:40:14 - [ORGANIZADOR ARQUIVOS] - INFO - Arquivo: notasfornecedores.xlsx movido para docs.
2026-08-25 18:40:14 - [ORGANIZADOR ARQUIVOS] - INFO - Arquivo: Relatrio iniciado..txt movido para docs.
2026-08-25 18:40:14 - [ORGANIZADOR ARQUIVOS] - INFO - Arquivo: WhatsApp Image 2026-07-21 at 12.09.46.jpeg movido para img.
2026-08-25 18:40:14 - [ORGANIZADOR ARQUIVOS] - INFO - 19 arquivos foram movidos com sucesso.
